// Jest Snapshot v1, https://goo.gl/fbAQLP

exports[`Score component renders a Score 1`] = `
<div
  style={
    Object {
      "display": "flex",
      "justifyContent": "space-between",
    }
  }
>
  <p>
    terran
  </p>
  <p>
    200
  </p>
</div>
`;
